--- Copying files at Wed Sep 30 13:20:17 UTC 2026
INSTALLED plugins/resource-disposer.jpi : 0.25
INSTALLED plugins/ssh-credentials.jpi : 372.va_250881b_08cd
INSTALLED plugins/pipeline-build-step.jpi : 601.v6d4c6d1a_9dc7
INSTALLED plugins/matrix-project.jpi : 905.vcc6831e8760a_
INSTALLED plugins/jackson2-api.jpi : 2.22.2-445.vdc613f1d8012
INSTALLED plugins/pipeline-rest-api.jpi : 2.41
INSTALLED plugins/bootstrap5-api.jpi : 5.3.8-895.v4d0d8e47fea_d
INSTALLED plugins/pipeline-groovy-lib.jpi : 798.v5cc688825312
INSTALLED plugins/pipeline-model-definition.jpi : 2.2293.v6e7193cec599
INSTALLED plugins/docker-workflow.jpi : 653.v2f2c08eff0ec
INSTALLED plugins/asm-api.jpi : 9.10.1-216.va_9256d3b_844b_
INSTALLED plugins/pipeline-milestone-step.jpi : 152.v6e22b_8cfc66c
INSTALLED plugins/authentication-tokens.jpi : 1.144.v5ff4a_5ec5c33
INSTALLED plugins/plugin-util-api.jpi : 6.1192.v30fe6e2837ff
INSTALLED plugins/workflow-support.jpi : 1015.v785e5a_b_b_8b_22
INSTALLED plugins/branch-api.jpi : 2.1303.v9f3b_95dc329d
INSTALLED plugins/echarts-api.jpi : 6.0.0-1247.vf3e35a_c1813f
INSTALLED plugins/junit.jpi : 1431.vc0d98912a_756
INSTALLED plugins/woodstox-core-api.jpi : 7.2.2-10.vcb_629759b_2c2
INSTALLED plugins/cloudbees-folder.jpi : 6.1106.v3a_d9a_6d2465e
INSTALLED plugins/javax-activation-api.jpi : 1.2.0-8
INSTALLED plugins/apache-httpcomponents-client-4-api.jpi : 4.5.14-269.vfa_2321039a_83
INSTALLED plugins/plain-credentials.jpi : 199.v9f8e1f741799
INSTALLED plugins/credentials-binding.jpi : 728.v902a_273b_8947
INSTALLED plugins/prism-api.jpi : 1.30.0-717.vb_f8360844b_53
INSTALLED plugins/workflow-basic-steps.jpi : 1098.v808b_fd7f8cf4
INSTALLED plugins/workflow-durable-task-step.jpi : 1479.v56e587f413a_7
INSTALLED plugins/ionicons-api.jpi : 94.vcc3065403257
INSTALLED plugins/mina-sshd-api-core.jpi : 2.19.0-192.v2b_a_7b_2c1dc71
INSTALLED plugins/workflow-job.jpi : 1571.1580.v18e46842c125
INSTALLED plugins/credentials.jpi : 1511.v2e3cb_0008ef0
INSTALLED plugins/mina-sshd-api-common.jpi : 2.19.0-192.v2b_a_7b_2c1dc71
INSTALLED plugins/gson-api.jpi : 2.14.0-201.v8eefe5515533
INSTALLED plugins/pipeline-input-step.jpi : 560.v56198a_642157
INSTALLED plugins/jquery3-api.jpi : 3.7.1-619.vdb_10e002501a_
INSTALLED plugins/jakarta-xml-bind-api.jpi : 4.0.9-19.v2b_a_5b_44d9a_1c
INSTALLED plugins/font-awesome-api.jpi : 7.2.0-965.ve3840b_696418
INSTALLED plugins/pipeline-stage-view.jpi : 2.41
INSTALLED plugins/checks-api.jpi : 422.vc7e8b_51488c6
INSTALLED plugins/instance-identity.jpi : 203.v15e81a_1b_7a_38
INSTALLED plugins/scm-api.jpi : 728.vc30dcf7a_0df5
INSTALLED plugins/jackson-annotations2-api.jpi : 2.22-19.v10a_a_582ea_26e
INSTALLED plugins/bouncycastle-api.jpi : 2.30.1.85.2-304.v4b_5b_62e59a_a_7
INSTALLED plugins/git-client.jpi : 6.6.1
INSTALLED plugins/json-api.jpi : 20260814-226.v20f9685d642c
INSTALLED plugins/jakarta-activation-api.jpi : 2.1.4-1
INSTALLED plugins/jackson3-api.jpi : 3.2.3-101.v69fc84453a_8e
INSTALLED plugins/script-security.jpi : 1429.v0810f1b_530f5
INSTALLED plugins/joda-time-api.jpi : 2.14.4-206.vc0945a_7c5f95
INSTALLED plugins/snakeyaml-api.jpi : 2.5-149.v72471e9c6371
INSTALLED plugins/timestamper.jpi : 1.30
INSTALLED plugins/display-url-api.jpi : 2.217.va_6b_de84cc74b_
INSTALLED plugins/commons-lang3-api.jpi : 3.20.0-109.ve43756e2d2b_4
INSTALLED plugins/workflow-scm-step.jpi : 487.v41313a_96b_65d
INSTALLED plugins/caffeine-api.jpi : 3.2.4-208.v7e2da_a_7db_82b_
INSTALLED plugins/jakarta-mail-api.jpi : 2.1.5-1
INSTALLED plugins/mailer.jpi : 534.v1b_36f5864073
INSTALLED plugins/variant.jpi : 70.va_d9f17f859e0
INSTALLED plugins/docker-commons.jpi : 477.v289085a_b_6896
INSTALLED plugins/pipeline-model-extensions.jpi : 2.2293.v6e7193cec599
INSTALLED plugins/workflow-step-api.jpi : 724.v538c2362b_dfb_
INSTALLED plugins/workflow-api.jpi : 1413.v2ff1a_5e720fa_
INSTALLED plugins/workflow-multibranch.jpi : 841.vec5b_9e1806ec
INSTALLED plugins/pipeline-stage-tags-metadata.jpi : 2.2293.v6e7193cec599
INSTALLED plugins/pipeline-stage-step.jpi : 345.va_96187909426
INSTALLED plugins/git.jpi : 5.10.1
INSTALLED plugins/commons-text-api.jpi : 1.15.0-218.va_61573470393
INSTALLED plugins/durable-task.jpi : 686.v80ff80875b_82
INSTALLED plugins/workflow-cps.jpi : 4383.v04fa_a_3d67b_d9
INSTALLED plugins/ws-cleanup.jpi : 0.49
INSTALLED plugins/snakeyaml-engine-api.jpi : 3.1.1-12.v4320c7d6f89c
INSTALLED plugins/pipeline-graph-analysis.jpi : 254.v0f63a_a_447dca_
INSTALLED plugins/pipeline-model-api.jpi : 2.2293.v6e7193cec599
INSTALLED plugins/structs.jpi : 362.va_b_695ef4fdf9
INSTALLED plugins/workflow-aggregator.jpi : 608.v67378e9d3db_1
INSTALLED plugins/htmlpublisher.jpi : 429
INSTALLED plugins/jaxb.jpi : 2.3.9-143.v5979df3304e6
INSTALLED plugins/antisamy-markup-formatter.jpi : 173.v680e3a_b_69ff3
INSTALLED plugins.txt
--- Copied files finished at Wed Sep 30 13:20:20 UTC 2026
--- Copying files at Wed Sep 30 13:34:47 UTC 2026
--- Copied files finished at Wed Sep 30 13:34:49 UTC 2026
--- Copying files at Wed Sep 30 13:53:26 UTC 2026
--- Copied files finished at Wed Sep 30 13:53:28 UTC 2026
